// Jest Snapshot v1, https://goo.gl/fbAQLP

exports[`createDbWorker executes sql via worker 1`] = `
Object {
  "id": 0,
  "results": Array [
    Object {
      "columns": Array [
        "val",
      ],
      "values": Array [
        Array [
          1,
        ],
      ],
    },
  ],
}
`;
